------------------------------------------------------------
Timing Analyzer Summary
------------------------------------------------------------

Type  : Setup 'CLOCK_50'
Slack : 6.564
TNS   : 0.000

Type  : Setup 'altera_reserved_tck'
Slack : 9.274
TNS   : 0.000

Type  : Setup 'freq_divider:Gen_some_clk|outclk'
Slack : 11.198
TNS   : 0.000

Type  : Setup 'audio_controller:audio_control|audio_clock:u4|LRCK_1X'
Slack : 15.375
TNS   : 0.000

Type  : Setup 'freq_divider:Gen_2HZ_clk|outclk'
Slack : 15.703
TNS   : 0.000

Type  : Setup 'audio_controller:audio_control|TFF_power_of_2_division_counter_with_auto_phase_inversion:generate_aud_ctrl_clk|widereg:div_regs_gen[1].div_reg|outdata[0]'
Slack : 16.264
TNS   : 0.000

Type  : Setup 'freq_divider:Gen_1KHZ_clk|outclk'
Slack : 16.880
TNS   : 0.000

Type  : Setup 'audio_controller:audio_control|TFF_power_of_2_division_counter_with_auto_phase_inversion:generate_aud_ctrl_clk|widereg:div_reg_top|outdata[0]'
Slack : 17.766
TNS   : 0.000

Type  : Setup 'audio_controller:audio_control|I2C_AV_Config:u3|mI2C_CTRL_CLK'
Slack : 34.460
TNS   : 0.000

Type  : Setup 'led_flasher:de1_led_flasher|freq_divider:led_flash_divider|outclk'
Slack : 36.257
TNS   : 0.000

Type  : Setup 'audio_controller:audio_control|audio_clock:u4|oAUD_BCK'
Slack : 36.475
TNS   : 0.000

Type  : Hold 'audio_controller:audio_control|I2C_AV_Config:u3|mI2C_CTRL_CLK'
Slack : 0.272
TNS   : 0.000

Type  : Hold 'freq_divider:Gen_1KHZ_clk|outclk'
Slack : 0.296
TNS   : 0.000

Type  : Hold 'CLOCK_50'
Slack : 0.377
TNS   : 0.000

Type  : Hold 'freq_divider:Gen_some_clk|outclk'
Slack : 0.378
TNS   : 0.000

Type  : Hold 'altera_reserved_tck'
Slack : 0.401
TNS   : 0.000

Type  : Hold 'audio_controller:audio_control|audio_clock:u4|oAUD_BCK'
Slack : 0.496
TNS   : 0.000

Type  : Hold 'audio_controller:audio_control|TFF_power_of_2_division_counter_with_auto_phase_inversion:generate_aud_ctrl_clk|widereg:div_reg_top|outdata[0]'
Slack : 0.539
TNS   : 0.000

Type  : Hold 'audio_controller:audio_control|TFF_power_of_2_division_counter_with_auto_phase_inversion:generate_aud_ctrl_clk|widereg:div_regs_gen[1].div_reg|outdata[0]'
Slack : 0.656
TNS   : 0.000

Type  : Hold 'led_flasher:de1_led_flasher|freq_divider:led_flash_divider|outclk'
Slack : 0.814
TNS   : 0.000

Type  : Hold 'freq_divider:Gen_2HZ_clk|outclk'
Slack : 2.202
TNS   : 0.000

Type  : Hold 'audio_controller:audio_control|audio_clock:u4|LRCK_1X'
Slack : 2.239
TNS   : 0.000

Type  : Recovery 'speed_down_event_trigger'
Slack : 4.079
TNS   : 0.000

Type  : Recovery 'speed_up_event_trigger'
Slack : 4.342
TNS   : 0.000

Type  : Recovery 'CLOCK_50'
Slack : 7.336
TNS   : 0.000

Type  : Recovery 'audio_controller:audio_control|audio_clock:u4|oAUD_BCK'
Slack : 14.946
TNS   : 0.000

Type  : Recovery 'audio_controller:audio_control|TFF_power_of_2_division_counter_with_auto_phase_inversion:generate_aud_ctrl_clk|widereg:div_regs_gen[1].div_reg|outdata[0]'
Slack : 15.085
TNS   : 0.000

Type  : Recovery 'doublesync:key2_doublsync|reg2'
Slack : 15.412
TNS   : 0.000

Type  : Recovery 'altera_reserved_tck'
Slack : 28.645
TNS   : 0.000

Type  : Removal 'altera_reserved_tck'
Slack : 0.864
TNS   : 0.000

Type  : Removal 'audio_controller:audio_control|TFF_power_of_2_division_counter_with_auto_phase_inversion:generate_aud_ctrl_clk|widereg:div_regs_gen[1].div_reg|outdata[0]'
Slack : 2.557
TNS   : 0.000

Type  : Removal 'doublesync:key2_doublsync|reg2'
Slack : 2.803
TNS   : 0.000

Type  : Removal 'audio_controller:audio_control|audio_clock:u4|oAUD_BCK'
Slack : 3.093
TNS   : 0.000

Type  : Removal 'CLOCK_50'
Slack : 10.956
TNS   : 0.000

Type  : Removal 'speed_up_event_trigger'
Slack : 13.646
TNS   : 0.000

Type  : Removal 'speed_down_event_trigger'
Slack : 13.812
TNS   : 0.000

Type  : Minimum Pulse Width 'CLOCK_50'
Slack : 8.441
TNS   : 0.000

Type  : Minimum Pulse Width 'altera_reserved_tck'
Slack : 15.088
TNS   : 0.000

Type  : Minimum Pulse Width 'freq_divider:Gen_some_clk|outclk'
Slack : 18.705
TNS   : 0.000

Type  : Minimum Pulse Width 'doublesync:key2_doublsync|reg2'
Slack : 19.247
TNS   : 0.000

Type  : Minimum Pulse Width 'audio_controller:audio_control|TFF_power_of_2_division_counter_with_auto_phase_inversion:generate_aud_ctrl_clk|widereg:div_regs_gen[1].div_reg|outdata[0]'
Slack : 19.255
TNS   : 0.000

Type  : Minimum Pulse Width 'audio_controller:audio_control|I2C_AV_Config:u3|mI2C_CTRL_CLK'
Slack : 19.308
TNS   : 0.000

Type  : Minimum Pulse Width 'audio_controller:audio_control|audio_clock:u4|LRCK_1X'
Slack : 19.330
TNS   : 0.000

Type  : Minimum Pulse Width 'audio_controller:audio_control|audio_clock:u4|oAUD_BCK'
Slack : 19.341
TNS   : 0.000

Type  : Minimum Pulse Width 'freq_divider:Gen_2HZ_clk|outclk'
Slack : 19.342
TNS   : 0.000

Type  : Minimum Pulse Width 'freq_divider:Gen_1KHZ_clk|outclk'
Slack : 19.350
TNS   : 0.000

Type  : Minimum Pulse Width 'led_flasher:de1_led_flasher|freq_divider:led_flash_divider|outclk'
Slack : 19.376
TNS   : 0.000

Type  : Minimum Pulse Width 'audio_controller:audio_control|TFF_power_of_2_division_counter_with_auto_phase_inversion:generate_aud_ctrl_clk|widereg:div_reg_top|outdata[0]'
Slack : 19.397
TNS   : 0.000

Type  : Minimum Pulse Width 'speed_down_event_trigger'
Slack : 19.419
TNS   : 0.000

Type  : Minimum Pulse Width 'speed_up_event_trigger'
Slack : 19.434
TNS   : 0.000

------------------------------------------------------------
